C51 COMPILER V9.60.0.0   MAX7217                                                           08/07/2020 00:29:33 PAGE 1   


C51 COMPILER V9.60.0.0, COMPILATION OF MODULE MAX7217
OBJECT MODULE PLACED IN .\Objects\MAX7217.obj
COMPILER INVOKED BY: C:\Program Files\Keil\C51\BIN\C51.EXE ..\hc\MAX7217.c OPTIMIZE(8,SPEED) BROWSE INCDIR(..\h) DEBUG O
                    -BJECTEXTEND PRINT(.\Listings\MAX7217.lst) OBJECT(.\Objects\MAX7217.obj)

line level    source

   1          #include <REG51.H>
   2          
   3          #include "type.h"
   4          
   5          sbit DIN = P2 ^ 7;
   6          sbit CS = P2 ^ 6;
   7          sbit CLK = P2 ^ 5;
   8          
   9          void MAX7217_init() {
  10   1          CS = 1;
  11   1          CLK = 0;
  12   1      }
  13          
  14          void MAX7217_write(u16 rdata) {
  15   1          u8 i = 0;
  16   1          CS = 0;
  17   1          for (; i < 16; i++) {
  18   2              CLK = 0;
  19   2              DIN = rdata & 0x8000;
  20   2              rdata <<= 1;
  21   2              CLK = 1;
  22   2          }
  23   1          CS = 1;
  24   1          CLK = 0;
  25   1      }


MODULE INFORMATION:   STATIC OVERLAYABLE
   CODE SIZE        =     42    ----
   CONSTANT SIZE    =   ----    ----
   XDATA SIZE       =   ----    ----
   PDATA SIZE       =   ----    ----
   DATA SIZE        =   ----    ----
   IDATA SIZE       =   ----    ----
   BIT SIZE         =   ----    ----
END OF MODULE INFORMATION.


C51 COMPILATION COMPLETE.  0 WARNING(S),  0 ERROR(S)
