BL51 BANKED LINKER/LOCATER V6.22.2.0                                                    10/08/2020  23:41:34  PAGE 1


BL51 BANKED LINKER/LOCATER V6.22.2.0, INVOKED BY:
C:\PROGRAM FILES\KEIL\C51\BIN\BL51.EXE .\Objects\STARTUP.obj, .\Objects\main.obj, .\Objects\time.obj, .\Objects\uart.obj
>> , .\Objects\LCD1602A.obj TO .\Objects\test PRINT (.\Listings\test.m51) RAMSIZE (256)


MEMORY MODEL: SMALL


INPUT MODULES INCLUDED:
  .\Objects\STARTUP.obj (?C_STARTUP)
  .\Objects\main.obj (MAIN)
  .\Objects\time.obj (TIME)
  .\Objects\uart.obj (UART)
  .\Objects\LCD1602A.obj (LCD1602A)
  C:\PROGRAM FILES\KEIL\C51\LIB\C51S.LIB (?C?CLDOPTR)
  C:\PROGRAM FILES\KEIL\C51\LIB\C51S.LIB (?C?CSTPTR)


LINK MAP OF MODULE:  .\Objects\test (?C_STARTUP)


            TYPE    BASE      LENGTH    RELOCATION   SEGMENT NAME
            -----------------------------------------------------

            * * * * * * *   D A T A   M E M O R Y   * * * * * * *
            REG     0000H     0008H     ABSOLUTE     "REG BANK 0"
            DATA    0008H     0003H     UNIT         ?DT?_UART_SEND_STRING?UART
            DATA    000BH     0001H     UNIT         ?DT?LCD1602A_INIT?LCD1602A
                    000CH     0014H                  *** GAP ***
            BIT     0020H.0   0000H.5   UNIT         ?BI?SET_TIMER?TIME
            BIT     0020H.5   0000H.4   UNIT         ?BI?SET_UART_MODE?UART
            BIT     0021H.1   0000H.2   UNIT         ?BI?START_TIMER?TIME
                    0021H.3   0000H.5                *** GAP ***
            IDATA   0022H     0001H     UNIT         ?STACK

            * * * * * * *   C O D E   M E M O R Y   * * * * * * *
            CODE    0000H     0003H     ABSOLUTE     
            CODE    0003H     0068H     UNIT         ?PR?LCD1602A_INIT?LCD1602A
            CODE    006BH     003FH     UNIT         ?C?LIB_CODE
            CODE    00AAH     0037H     UNIT         ?PR?SET_TIMER?TIME
            CODE    00E1H     0022H     UNIT         ?PR?_UART_SEND_STRING?UART
            CODE    0103H     0014H     UNIT         ?PR?SET_UART_19200?UART
            CODE    0117H     0013H     UNIT         ?PR?SET_UART_MODE?UART
            CODE    012AH     0010H     UNIT         ?PR?_LCD1602A_WRITE_DATA?LCD1602A
            CODE    013AH     000EH     UNIT         ?PR?MAIN?MAIN
            CODE    0148H     000EH     UNIT         ?PR?DELAY_1S?TIME
            CODE    0156H     000EH     UNIT         ?PR?DELAY_10S?TIME
            CODE    0164H     000EH     UNIT         ?PR?DELAY_100S?TIME
            CODE    0172H     000DH     UNIT         ?PR?START_TIMER?TIME
            CODE    017FH     000CH     UNIT         ?C_C51STARTUP
            CODE    018BH     000BH     UNIT         ?PR?_UART_RECEIVE?UART
            CODE    0196H     000BH     UNIT         ?PR?LCD1602A_READ_STATUS?LCD1602A
            CODE    01A1H     000BH     UNIT         ?PR?_LCD1602A_WRITE_COMMAND_D?LCD1602A
            CODE    01ACH     000BH     UNIT         ?PR?LCD1602A_READ_DATA?LCD1602A
            CODE    01B7H     000AH     UNIT         ?PR?DELAY_1MS?TIME
            CODE    01C1H     000AH     UNIT         ?PR?_LCD1602A_WRITE_COMMAND?LCD1602A
            CODE    01CBH     0009H     UNIT         ?PR?DELAY_10MS?TIME
            CODE    01D4H     0009H     UNIT         ?PR?DELAY_100MS?TIME
BL51 BANKED LINKER/LOCATER V6.22.2.0                                                  10/08/2020  23:41:34  PAGE 2


            CODE    01DDH     0008H     UNIT         ?PR?_UART_SEND?UART
            CODE    01E5H     0008H     UNIT         ?PR?LCD1602A_IS_BUSY?LCD1602A
            CODE    01EDH     0007H     UNIT         ?PR?LCD1602A_WAIT?LCD1602A
            CODE    01F4H     0006H     UNIT         ?PR?DELAY_100US?TIME
            CODE    01FAH     0005H     UNIT         ?PR?DELAY_10US?TIME
            CODE    01FFH     0001H     UNIT         ?PR?DELAY_5US?TIME



OVERLAY MAP OF MODULE:   .\Objects\test (?C_STARTUP)


SEGMENT
  +--> CALLED SEGMENT
---------------------
?C_C51STARTUP
  +--> ?PR?MAIN?MAIN

?PR?MAIN?MAIN
  +--> ?PR?DELAY_1S?TIME



SYMBOL TABLE OF MODULE:  .\Objects\test (?C_STARTUP)

  VALUE           TYPE          NAME
  ----------------------------------

  -------         MODULE        ?C_STARTUP
  C:017FH         SEGMENT       ?C_C51STARTUP
  I:0022H         SEGMENT       ?STACK
  C:0000H         PUBLIC        ?C_STARTUP
  D:00E0H         SYMBOL        ACC
  D:00F0H         SYMBOL        B
  D:0083H         SYMBOL        DPH
  D:0082H         SYMBOL        DPL
  N:0000H         SYMBOL        IBPSTACK
  N:0100H         SYMBOL        IBPSTACKTOP
  N:0080H         SYMBOL        IDATALEN
  C:0182H         SYMBOL        IDATALOOP
  N:0000H         SYMBOL        PBPSTACK
  N:0100H         SYMBOL        PBPSTACKTOP
  N:0000H         SYMBOL        PDATALEN
  N:0000H         SYMBOL        PDATASTART
  N:0000H         SYMBOL        PPAGE
  N:0000H         SYMBOL        PPAGEENABLE
  D:00A0H         SYMBOL        PPAGE_SFR
  D:0081H         SYMBOL        SP
  C:017FH         SYMBOL        STARTUP1
  N:0000H         SYMBOL        XBPSTACK
  N:0000H         SYMBOL        XBPSTACKTOP
  N:0000H         SYMBOL        XDATALEN
  N:0000H         SYMBOL        XDATASTART
  C:0000H         LINE#         126
  C:017FH         LINE#         133
  C:0181H         LINE#         134
  C:0182H         LINE#         135
BL51 BANKED LINKER/LOCATER V6.22.2.0                                                  10/08/2020  23:41:34  PAGE 3


  C:0183H         LINE#         136
  C:0185H         LINE#         185
  C:0188H         LINE#         196
  -------         ENDMOD        ?C_STARTUP

  -------         MODULE        MAIN
  C:0000H         SYMBOL        _ICE_DUMMY_
  D:0090H         PUBLIC        P1
  C:013AH         PUBLIC        main
  -------         PROC          MAIN
  C:013AH         LINE#         3
  C:013AH         LINE#         4
  C:013DH         LINE#         5
  C:013DH         LINE#         6
  C:0143H         LINE#         7
  C:0146H         LINE#         8
  -------         ENDPROC       MAIN
  -------         ENDMOD        MAIN

  -------         MODULE        TIME
  C:0000H         SYMBOL        _ICE_DUMMY_
  C:01B7H         PUBLIC        delay_1ms
  C:01FFH         PUBLIC        delay_5us
  C:0148H         PUBLIC        delay_1s
  C:01CBH         PUBLIC        delay_10ms
  D:0089H         PUBLIC        TMOD
  C:0172H         PUBLIC        start_timer
  C:01FAH         PUBLIC        delay_10us
  C:0156H         PUBLIC        delay_10s
  C:00AAH         PUBLIC        set_timer
  B:0088H.4       PUBLIC        TR0
  B:0088H.6       PUBLIC        TR1
  C:01D4H         PUBLIC        delay_100ms
  C:01F4H         PUBLIC        delay_100us
  C:0164H         PUBLIC        delay_100s
  -------         PROC          DELAY_5US
  C:01FFH         LINE#         19
  -------         ENDPROC       DELAY_5US
  -------         PROC          DELAY_10US
  -------         DO            
  D:0007H         SYMBOL        i
  -------         ENDDO         
  C:01FAH         LINE#         21
  C:01FAH         LINE#         23
  C:01FCH         LINE#         24
  C:01FEH         LINE#         26
  -------         ENDPROC       DELAY_10US
  -------         PROC          DELAY_100US
  -------         DO            
  D:0007H         SYMBOL        i
  -------         ENDDO         
  C:01F4H         LINE#         28
  C:01F4H         LINE#         30
  C:01F5H         LINE#         31
  C:01F7H         LINE#         32
  C:01F9H         LINE#         34
  -------         ENDPROC       DELAY_100US
BL51 BANKED LINKER/LOCATER V6.22.2.0                                                  10/08/2020  23:41:34  PAGE 4


  -------         PROC          DELAY_1MS
  -------         DO            
  D:0007H         SYMBOL        i
  D:0006H         SYMBOL        j
  -------         ENDDO         
  C:01B7H         LINE#         36
  C:01B7H         LINE#         38
  C:01B8H         LINE#         39
  C:01BAH         LINE#         40
  C:01BCH         LINE#         41
  C:01BCH         LINE#         42
  C:01BEH         LINE#         44
  C:01C0H         LINE#         45
  -------         ENDPROC       DELAY_1MS
  -------         PROC          DELAY_10MS
  -------         DO            
  D:0007H         SYMBOL        i
  D:0006H         SYMBOL        j
  -------         ENDDO         
  C:01CBH         LINE#         47
  C:01CBH         LINE#         49
  C:01CDH         LINE#         50
  C:01CFH         LINE#         51
  C:01CFH         LINE#         52
  C:01D1H         LINE#         54
  C:01D3H         LINE#         55
  -------         ENDPROC       DELAY_10MS
  -------         PROC          DELAY_100MS
  -------         DO            
  D:0007H         SYMBOL        i
  D:0006H         SYMBOL        j
  -------         ENDDO         
  C:01D4H         LINE#         57
  C:01D4H         LINE#         59
  C:01D6H         LINE#         60
  C:01D8H         LINE#         61
  C:01D8H         LINE#         62
  C:01DAH         LINE#         64
  C:01DCH         LINE#         65
  -------         ENDPROC       DELAY_100MS
  -------         PROC          DELAY_1S
  -------         DO            
  D:0007H         SYMBOL        i
  D:0006H         SYMBOL        j
  D:0005H         SYMBOL        k
  -------         ENDDO         
  C:0148H         LINE#         67
  C:0148H         LINE#         69
  C:0149H         LINE#         70
  C:014BH         LINE#         71
  C:014DH         LINE#         72
  C:014FH         LINE#         73
  C:014FH         LINE#         74
  C:014FH         LINE#         75
  C:0151H         LINE#         77
  C:0153H         LINE#         78
  C:0155H         LINE#         79
BL51 BANKED LINKER/LOCATER V6.22.2.0                                                  10/08/2020  23:41:34  PAGE 5


  -------         ENDPROC       DELAY_1S
  -------         PROC          DELAY_10S
  -------         DO            
  D:0007H         SYMBOL        i
  D:0006H         SYMBOL        j
  D:0005H         SYMBOL        k
  -------         ENDDO         
  C:0156H         LINE#         81
  C:0156H         LINE#         83
  C:0157H         LINE#         84
  C:0159H         LINE#         85
  C:015BH         LINE#         86
  C:015DH         LINE#         87
  C:015DH         LINE#         88
  C:015DH         LINE#         89
  C:015FH         LINE#         91
  C:0161H         LINE#         92
  C:0163H         LINE#         93
  -------         ENDPROC       DELAY_10S
  -------         PROC          DELAY_100S
  -------         DO            
  D:0007H         SYMBOL        i
  D:0006H         SYMBOL        j
  D:0005H         SYMBOL        k
  -------         ENDDO         
  C:0164H         LINE#         95
  C:0164H         LINE#         97
  C:0165H         LINE#         98
  C:0167H         LINE#         99
  C:0169H         LINE#         100
  C:016BH         LINE#         101
  C:016BH         LINE#         102
  C:016BH         LINE#         103
  C:016DH         LINE#         105
  C:016FH         LINE#         106
  C:0171H         LINE#         107
  -------         ENDPROC       DELAY_100S
  -------         PROC          SET_TIMER
  B:0020H.0       SYMBOL        which
  B:0020H.1       SYMBOL        gate
  B:0020H.2       SYMBOL        ct
  B:0020H.3       SYMBOL        m1
  B:0020H.4       SYMBOL        m0
  -------         DO            
  D:0007H         SYMBOL        temp
  -------         ENDDO         
  C:00AAH         LINE#         109
  C:00AAH         LINE#         110
  C:00AEH         LINE#         111
  C:00B1H         LINE#         112
  C:00B7H         LINE#         113
  C:00BBH         LINE#         114
  C:00C1H         LINE#         115
  C:00C5H         LINE#         116
  C:00CBH         LINE#         117
  C:00CEH         LINE#         118
  C:00D3H         LINE#         119
BL51 BANKED LINKER/LOCATER V6.22.2.0                                                  10/08/2020  23:41:34  PAGE 6


  C:00D7H         LINE#         120
  C:00D9H         LINE#         121
  C:00E0H         LINE#         122
  C:00E0H         LINE#         123
  -------         ENDPROC       SET_TIMER
  -------         PROC          START_TIMER
  B:0021H.1       SYMBOL        which
  B:0021H.2       SYMBOL        start_or_end
  C:0172H         LINE#         125
  C:0172H         LINE#         126
  C:0175H         LINE#         127
  C:0179H         LINE#         128
  C:017AH         LINE#         129
  C:017EH         LINE#         130
  C:017EH         LINE#         131
  -------         ENDPROC       START_TIMER
  -------         ENDMOD        TIME

  -------         MODULE        UART
  C:0000H         SYMBOL        _ICE_DUMMY_
  C:018BH         PUBLIC        _UART_receive
  B:0098H.0       PUBLIC        RI
  B:0098H.1       PUBLIC        TI
  D:0099H         PUBLIC        SBUF
  D:0087H         PUBLIC        PCON
  D:0089H         PUBLIC        TMOD
  C:00E1H         PUBLIC        _UART_send_string
  C:0103H         PUBLIC        set_UART_19200
  C:01DDH         PUBLIC        _UART_send
  D:008DH         PUBLIC        TH1
  B:0098H.7       PUBLIC        SM0
  B:0098H.6       PUBLIC        SM1
  D:008BH         PUBLIC        TL1
  B:0098H.5       PUBLIC        SM2
  B:0088H.6       PUBLIC        TR1
  B:0098H.4       PUBLIC        REN
  C:0117H         PUBLIC        set_UART_mode
  -------         PROC          SET_UART_19200
  C:0103H         LINE#         10
  C:0103H         LINE#         11
  C:0106H         LINE#         12
  C:010EH         LINE#         13
  C:0114H         LINE#         14
  C:0116H         LINE#         15
  -------         ENDPROC       SET_UART_19200
  -------         PROC          SET_UART_MODE
  B:0020H.5       SYMBOL        sm0
  B:0020H.6       SYMBOL        sm1
  B:0020H.7       SYMBOL        sm2
  B:0021H.0       SYMBOL        ren
  C:0117H         LINE#         17
  C:0117H         LINE#         18
  C:011BH         LINE#         19
  C:011FH         LINE#         20
  C:0123H         LINE#         21
  C:0127H         LINE#         22
  C:0129H         LINE#         23
BL51 BANKED LINKER/LOCATER V6.22.2.0                                                  10/08/2020  23:41:34  PAGE 7


  -------         ENDPROC       SET_UART_MODE
  -------         PROC          _UART_SEND
  D:0007H         SYMBOL        c
  C:01DDH         LINE#         25
  C:01DDH         LINE#         26
  C:01E0H         LINE#         28
  C:01E2H         LINE#         29
  C:01E4H         LINE#         30
  -------         ENDPROC       _UART_SEND
  -------         PROC          _UART_SEND_STRING
  D:0008H         SYMBOL        c
  -------         DO            
  D:0006H         SYMBOL        index
  D:0005H         SYMBOL        temp
  -------         ENDDO         
  C:00E1H         LINE#         33
  C:00E7H         LINE#         34
  C:00E9H         LINE#         36
  C:00E9H         LINE#         37
  C:00FAH         LINE#         38
  C:00FCH         LINE#         39
  C:00FCH         LINE#         40
  C:00FCH         LINE#         41
  C:0100H         LINE#         42
  C:0102H         LINE#         43
  -------         ENDPROC       _UART_SEND_STRING
  -------         PROC          _UART_RECEIVE
  D:0001H         SYMBOL        c
  C:018BH         LINE#         45
  C:018BH         LINE#         46
  C:018EH         LINE#         48
  C:0193H         LINE#         49
  C:0195H         LINE#         50
  -------         ENDPROC       _UART_RECEIVE
  -------         ENDMOD        UART

  -------         MODULE        LCD1602A
  C:0000H         SYMBOL        _ICE_DUMMY_
  D:0080H         PUBLIC        P0
  D:0090H         PUBLIC        P1
  D:00A0H         PUBLIC        P2
  B:0090H.0       PUBLIC        RS
  B:0090H.1       PUBLIC        RW
  C:01C1H         PUBLIC        _LCD1602A_write_command
  C:01E5H         PUBLIC        LCD1602A_is_busy
  B:00A0H.5       PUBLIC        E
  C:01ACH         PUBLIC        LCD1602A_read_data
  C:0196H         PUBLIC        LCD1602A_read_status
  C:012AH         PUBLIC        _LCD1602A_write_data
  C:0003H         PUBLIC        LCD1602A_init
  C:01A1H         PUBLIC        _LCD1602A_write_command_d
  C:01EDH         PUBLIC        LCD1602A_wait
  -------         PROC          LCD1602A_READ_STATUS
  -------         DO            
  D:0007H         SYMBOL        temp
  -------         ENDDO         
  C:0196H         LINE#         23
BL51 BANKED LINKER/LOCATER V6.22.2.0                                                  10/08/2020  23:41:34  PAGE 8


  C:0196H         LINE#         25
  C:0198H         LINE#         26
  C:019AH         LINE#         27
  C:019CH         LINE#         28
  C:019EH         LINE#         29
  C:01A0H         LINE#         30
  C:01A0H         LINE#         31
  -------         ENDPROC       LCD1602A_READ_STATUS
  -------         PROC          LCD1602A_IS_BUSY
  -------         DO            
  D:0007H         SYMBOL        status
  -------         ENDDO         
  C:01E5H         LINE#         33
  C:01E5H         LINE#         34
  C:01E8H         LINE#         35
  C:01ECH         LINE#         36
  -------         ENDPROC       LCD1602A_IS_BUSY
  -------         PROC          LCD1602A_WAIT
  C:01EDH         LINE#         38
  C:01EDH         LINE#         39
  C:01F3H         LINE#         41
  -------         ENDPROC       LCD1602A_WAIT
  -------         PROC          _LCD1602A_WRITE_COMMAND_D
  D:0007H         SYMBOL        command
  C:01A1H         LINE#         44
  C:01A1H         LINE#         45
  C:01A3H         LINE#         46
  C:01A5H         LINE#         47
  C:01A7H         LINE#         48
  C:01A9H         LINE#         49
  C:01ABH         LINE#         50
  -------         ENDPROC       _LCD1602A_WRITE_COMMAND_D
  -------         PROC          _LCD1602A_WRITE_COMMAND
  D:0006H         SYMBOL        command
  C:01C1H         LINE#         52
  C:01C3H         LINE#         53
  C:01C6H         LINE#         54
  -------         ENDPROC       _LCD1602A_WRITE_COMMAND
  -------         PROC          LCD1602A_READ_DATA
  -------         DO            
  D:0007H         SYMBOL        temp
  -------         ENDDO         
  C:01ACH         LINE#         57
  C:01ACH         LINE#         59
  C:01AEH         LINE#         60
  C:01B0H         LINE#         61
  C:01B2H         LINE#         62
  C:01B4H         LINE#         63
  C:01B6H         LINE#         64
  C:01B6H         LINE#         65
  -------         ENDPROC       LCD1602A_READ_DATA
  -------         PROC          _LCD1602A_WRITE_DATA
  D:0006H         SYMBOL        wdata
  C:012AH         LINE#         67
  C:012CH         LINE#         68
  C:012FH         LINE#         69
  C:0131H         LINE#         70
BL51 BANKED LINKER/LOCATER V6.22.2.0                                                  10/08/2020  23:41:34  PAGE 9


  C:0133H         LINE#         71
  C:0135H         LINE#         72
  C:0137H         LINE#         73
  C:0139H         LINE#         74
  -------         ENDPROC       _LCD1602A_WRITE_DATA
  -------         PROC          LCD1602A_INIT
  -------         DO            
  D:000BH         SYMBOL        t
  -------         ENDDO         
  C:0003H         LINE#         77
  C:0003H         LINE#         78
  C:0006H         LINE#         79
  C:0008H         LINE#         80
  C:001BH         LINE#         81
  C:0020H         LINE#         82
  C:0035H         LINE#         83
  C:003AH         LINE#         84
  C:004FH         LINE#         85
  C:0054H         LINE#         86
  C:0057H         LINE#         87
  C:005CH         LINE#         88
  C:0061H         LINE#         89
  C:0066H         LINE#         90
  -------         ENDPROC       LCD1602A_INIT
  -------         ENDMOD        LCD1602A

  -------         MODULE        ?C?CLDOPTR
  C:006BH         PUBLIC        ?C?CLDOPTR
  -------         ENDMOD        ?C?CLDOPTR

  -------         MODULE        ?C?CSTPTR
  C:0098H         PUBLIC        ?C?CSTPTR
  -------         ENDMOD        ?C?CSTPTR

*** WARNING L16: UNCALLED SEGMENT, IGNORED FOR OVERLAY PROCESS
    SEGMENT: ?PR?DELAY_5US?TIME

*** WARNING L16: UNCALLED SEGMENT, IGNORED FOR OVERLAY PROCESS
    SEGMENT: ?PR?DELAY_10US?TIME

*** WARNING L16: UNCALLED SEGMENT, IGNORED FOR OVERLAY PROCESS
    SEGMENT: ?PR?DELAY_100US?TIME

*** WARNING L16: UNCALLED SEGMENT, IGNORED FOR OVERLAY PROCESS
    SEGMENT: ?PR?DELAY_10MS?TIME

*** WARNING L16: UNCALLED SEGMENT, IGNORED FOR OVERLAY PROCESS
    SEGMENT: ?PR?DELAY_100MS?TIME

*** WARNING L16: UNCALLED SEGMENT, IGNORED FOR OVERLAY PROCESS
    SEGMENT: ?PR?DELAY_10S?TIME

*** WARNING L16: UNCALLED SEGMENT, IGNORED FOR OVERLAY PROCESS
    SEGMENT: ?PR?DELAY_100S?TIME

*** WARNING L16: UNCALLED SEGMENT, IGNORED FOR OVERLAY PROCESS
    SEGMENT: ?PR?SET_TIMER?TIME
BL51 BANKED LINKER/LOCATER V6.22.2.0                                                  10/08/2020  23:41:34  PAGE 10



*** WARNING L16: UNCALLED SEGMENT, IGNORED FOR OVERLAY PROCESS
    SEGMENT: ?PR?START_TIMER?TIME

*** WARNING L16: UNCALLED SEGMENT, IGNORED FOR OVERLAY PROCESS
    SEGMENT: ?PR?SET_UART_19200?UART

*** WARNING L16: UNCALLED SEGMENT, IGNORED FOR OVERLAY PROCESS
    SEGMENT: ?PR?SET_UART_MODE?UART

*** WARNING L16: UNCALLED SEGMENT, IGNORED FOR OVERLAY PROCESS
    SEGMENT: ?PR?_UART_SEND_STRING?UART

*** WARNING L16: UNCALLED SEGMENT, IGNORED FOR OVERLAY PROCESS
    SEGMENT: ?PR?_UART_RECEIVE?UART

*** WARNING L16: UNCALLED SEGMENT, IGNORED FOR OVERLAY PROCESS
    SEGMENT: ?PR?LCD1602A_READ_DATA?LCD1602A

*** WARNING L16: UNCALLED SEGMENT, IGNORED FOR OVERLAY PROCESS
    SEGMENT: ?PR?_LCD1602A_WRITE_DATA?LCD1602A

*** WARNING L16: UNCALLED SEGMENT, IGNORED FOR OVERLAY PROCESS
    SEGMENT: ?PR?LCD1602A_INIT?LCD1602A

Program Size: data=14.3 xdata=0 code=512
LINK/LOCATE RUN COMPLETE.  16 WARNING(S),  0 ERROR(S)
